error: Invalid feature.
       = note: No features supported currently.
 --> tests/ui/attributes/features/invalid_params.rs:9:16
  |
9 | #[sv::features(unknown_parameter)]
  |                ^^^^^^^^^^^^^^^^^
